\BOOKMARK [0][-]{chapter.1}{\376\377\000M\036\337\000\040\001\021\036\247\000u\000\040\000v\036\301\000\040\000k\000h\000o\000a\000\040\000h\036\315\000c\000\040\000t\036\361\000\040\000n\000h\000i\000\352\000n}{}% 1
\BOOKMARK [1][-]{section.1.1}{\376\377\000G\000i\036\333\000i\000\040\000t\000h\000i\036\307\000u\000\040\000v\036\301\000\040\000k\000h\000o\000a\000\040\000h\036\315\000c\000\040\000t\036\361\000\040\000n\000h\000i\000\352\000n}{chapter.1}% 2
\BOOKMARK [2][-]{subsection.1.1.1}{\376\377\000L\000\375\000\040\000T\000h\000u\000y\036\277\000t}{section.1.1}% 3
\BOOKMARK [3][-]{subsubsection.1.1.1.1}{\376\377\000K\000h\000\341\000i\000\040\000n\000i\036\307\000m\000\040\000v\036\301\000\040\000k\000h\000o\000a\000\040\000h\036\315\000c\000\040\000t\036\361\000\040\000n\000h\000i\000\352\000n}{subsection.1.1.1}% 4
\BOOKMARK [3][-]{subsubsection.1.1.1.2}{\376\377\000V\036\255\000t\000\040\000s\036\321\000n\000g\000\040\000v\000\340\000\040\000v\036\255\000t\000\040\000k\000h\000\364\000n\000g\000\040\000s\036\321\000n\000g}{subsection.1.1.1}% 5
\BOOKMARK [3][-]{subsubsection.1.1.1.3}{\376\377\000C\000\341\000c\000\040\000l\001\051\000n\000h\000\040\000v\036\361\000a\000\040\000k\000h\000\341\000c\000\040\000c\036\347\000a\000\040\000k\000h\000o\000a\000\040\000h\036\315\000c\000\040\000t\036\361\000\040\000n\000h\000i\000\352\000n}{subsection.1.1.1}% 6
\BOOKMARK [3][-]{subsubsection.1.1.1.4}{\376\377\000K\000h\000o\000a\000\040\000h\036\315\000c\000\040\000t\036\361\000\040\000n\000h\000i\000\352\000n\000\040\000v\036\333\000i\000\040\000c\000\364\000n\000g\000\040\000n\000g\000h\036\307\000\040\000v\000\340\000\040\001\021\036\335\000i\000\040\000s\036\321\000n\000g}{subsection.1.1.1}% 7
\BOOKMARK [2][-]{subsection.1.1.2}{\376\377\000B\000\340\000i\000\040\000t\036\255\000p}{section.1.1}% 8
\BOOKMARK [3][-]{phan.1.1.1}{\376\377\000I\000.\000\040\000B\000\340\000i\000\040\000t\036\255\000p\000\040\000t\036\361\000\040\000l\000u\036\255\000n}{subsection.1.1.2}% 9
\BOOKMARK [3][-]{phan.1.1.2}{\376\377\000I\000I\000.\000\040\000B\000\340\000i\000\040\000t\036\255\000p\000\040\000t\000r\036\257\000c\000\040\000n\000g\000h\000i\036\307\000m\000\040\000n\000h\000i\036\301\000u\000\040\000l\036\361\000a\000\040\000c\000h\036\315\000n}{subsection.1.1.2}% 10
\BOOKMARK [3][-]{phan.1.1.3}{\376\377\000I\000I\000I\000.\000\040\000B\000\340\000i\000\040\000t\036\255\000p\000\040\000t\000r\036\257\000c\000\040\000n\000g\000h\000i\036\307\000m\000\040\001\021\000\372\000n\000g\000\040\000s\000a\000i}{subsection.1.1.2}% 11
\BOOKMARK [3][-]{phan.1.1.4}{\376\377\000I\000V\000.\000\040\000B\000\340\000i\000\040\000t\036\255\000p\000\040\000t\000r\036\257\000c\000\040\000n\000g\000h\000i\036\307\000m\000\040\000t\000r\036\243\000\040\000l\036\335\000i\000\040\000n\000g\036\257\000n}{subsection.1.1.2}% 12
\BOOKMARK [1][-]{section.1.2}{\376\377\000A\000n\000\040\000t\000o\000\340\000n\000\040\000t\000r\000o\000n\000g\000\040\000p\000h\000\362\000n\000g\000\040\000t\000h\036\361\000c\000\040\000h\000\340\000n\000h}{chapter.1}% 13
\BOOKMARK [2][-]{subsection.1.2.1}{\376\377\000L\000\375\000\040\000t\000h\000u\000y\036\277\000t}{section.1.2}% 14
\BOOKMARK [3][-]{subsubsection.1.2.1.1}{\376\377\000M\036\331\000t\000\040\000s\036\321\000\040\000k\000\355\000\040\000h\000i\036\307\000u\000\040\000c\036\243\000n\000h\000\040\000b\000\341\000o\000\040\000t\000r\000o\000n\000g\000\040\000p\000h\000\362\000n\000g\000\040\000t\000h\036\361\000c\000\040\000h\000\340\000n\000h}{subsection.1.2.1}% 15
\BOOKMARK [3][-]{subsubsection.1.2.1.2}{\376\377\000A\000n\000\040\000t\000o\000\340\000n\000\040\000t\000r\000o\000n\000g\000\040\000p\000h\000\362\000n\000g\000\040\000t\000h\036\361\000c\000\040\000h\000\340\000n\000h}{subsection.1.2.1}% 16
\BOOKMARK [2][-]{subsection.1.2.2}{\376\377\000B\000\340\000i\000\040\000t\036\255\000p}{section.1.2}% 17
\BOOKMARK [3][-]{phan.1.2.1}{\376\377\000I\000.\000\040\000B\000\340\000i\000\040\000t\036\255\000p\000\040\000t\036\361\000\040\000l\000u\036\255\000n}{subsection.1.2.2}% 18
\BOOKMARK [3][-]{phan.1.2.2}{\376\377\000I\000I\000.\000\040\000B\000\340\000i\000\040\000t\036\255\000p\000\040\000t\000r\036\257\000c\000\040\000n\000g\000h\000i\036\307\000m\000\040\000n\000h\000i\036\301\000u\000\040\000l\036\361\000a\000\040\000c\000h\036\315\000n}{subsection.1.2.2}% 19
\BOOKMARK [3][-]{phan.1.2.3}{\376\377\000I\000I\000I\000.\000\040\000B\000\340\000i\000\040\000t\036\255\000p\000\040\000t\000r\036\257\000c\000\040\000n\000g\000h\000i\036\307\000m\000\040\001\021\000\372\000n\000g\000\040\000s\000a\000i}{subsection.1.2.2}% 20
\BOOKMARK [3][-]{phan.1.2.4}{\376\377\000I\000V\000.\000\040\000B\000\340\000i\000\040\000t\036\255\000p\000\040\000t\000r\036\243\000\040\000l\036\335\000i\000\040\000n\000g\036\257\000n}{subsection.1.2.2}% 21
